// Jest Snapshot v1, https://goo.gl/fbAQLP

exports[`renders correctly 1`] = `
<div
  className="catalog__movies-list"
>
  <article
    className="small-movie-card catalog__movies-card"
    onMouseLeave={[Function]}
    onMouseOver={[Function]}
  >
    <div
      className="small-movie-card__image"
      onClick={[Function]}
    >
      <video
        height="175"
        poster="img/fantastic-beasts-the-crimes-of-grindelwald.jpg"
        src="https://upload.wikimedia.org/wikipedia/commons/transcoded/b/b3/Big_Buck_Bunny_Trailer_400p.ogv/Big_Buck_Bunny_Trailer_400p.ogv.360p.webm"
        width="280"
      />
    </div>
    <h3
      className="small-movie-card__title"
    >
      <a
        className="small-movie-card__link"
        href="/films-1"
      >
        Fantastic Beasts: The Crimes of Grindelwald
      </a>
    </h3>
  </article>
  <article
    className="small-movie-card catalog__movies-card"
    onMouseLeave={[Function]}
    onMouseOver={[Function]}
  >
    <div
      className="small-movie-card__image"
      onClick={[Function]}
    >
      <video
        height="175"
        poster="img/bohemian-rhapsody.jpg"
        src="https://upload.wikimedia.org/wikipedia/commons/transcoded/b/b3/Big_Buck_Bunny_Trailer_400p.ogv/Big_Buck_Bunny_Trailer_400p.ogv.360p.webm"
        width="280"
      />
    </div>
    <h3
      className="small-movie-card__title"
    >
      <a
        className="small-movie-card__link"
        href="/films-2"
      >
        Bohemian Rhapsody
      </a>
    </h3>
  </article>
  <article
    className="small-movie-card catalog__movies-card"
    onMouseLeave={[Function]}
    onMouseOver={[Function]}
  >
    <div
      className="small-movie-card__image"
      onClick={[Function]}
    >
      <video
        height="175"
        poster="img/macbeth.jpg"
        src="https://upload.wikimedia.org/wikipedia/commons/transcoded/b/b3/Big_Buck_Bunny_Trailer_400p.ogv/Big_Buck_Bunny_Trailer_400p.ogv.360p.webm"
        width="280"
      />
    </div>
    <h3
      className="small-movie-card__title"
    >
      <a
        className="small-movie-card__link"
        href="/films-3"
      >
        Macbeth
      </a>
    </h3>
  </article>
  <article
    className="small-movie-card catalog__movies-card"
    onMouseLeave={[Function]}
    onMouseOver={[Function]}
  >
    <div
      className="small-movie-card__image"
      onClick={[Function]}
    >
      <video
        height="175"
        poster="img/aviator.jpg"
        src="https://upload.wikimedia.org/wikipedia/commons/transcoded/b/b3/Big_Buck_Bunny_Trailer_400p.ogv/Big_Buck_Bunny_Trailer_400p.ogv.360p.webm"
        width="280"
      />
    </div>
    <h3
      className="small-movie-card__title"
    >
      <a
        className="small-movie-card__link"
        href="/films-4"
      >
        Aviator
      </a>
    </h3>
  </article>
  <article
    className="small-movie-card catalog__movies-card"
    onMouseLeave={[Function]}
    onMouseOver={[Function]}
  >
    <div
      className="small-movie-card__image"
      onClick={[Function]}
    >
      <video
        height="175"
        poster="img/the-grand-budapest-hotel-poster.jpg"
        src="https://upload.wikimedia.org/wikipedia/commons/transcoded/b/b3/Big_Buck_Bunny_Trailer_400p.ogv/Big_Buck_Bunny_Trailer_400p.ogv.360p.webm"
        width="280"
      />
    </div>
    <h3
      className="small-movie-card__title"
    >
      <a
        className="small-movie-card__link"
        href="/films-5"
      >
        The Grand Budapest Hotel
      </a>
    </h3>
  </article>
</div>
`;
