// Jest Snapshot v1, https://goo.gl/fbAQLP

exports[`renders correctly 1`] = `
<ul
  className="catalog__genres-list"
>
  <li
    className="catalog__genres-item
           catalog__genres-item--active"
    onClick={[Function]}
  >
    <a
      className="catalog__genres-link"
    >
      All genres
    </a>
  </li>
  <li
    className="catalog__genres-item
           "
    onClick={[Function]}
  >
    <a
      className="catalog__genres-link"
    >
      fantasy
    </a>
  </li>
  <li
    className="catalog__genres-item
           "
    onClick={[Function]}
  >
    <a
      className="catalog__genres-link"
    >
      drama
    </a>
  </li>
  <li
    className="catalog__genres-item
           "
    onClick={[Function]}
  >
    <a
      className="catalog__genres-link"
    >
      comedy
    </a>
  </li>
</ul>
`;
